// Jest Snapshot v1, https://goo.gl/fbAQLP

exports[`Matches snapshot 1`] = `
<div
  className="display panel"
  data-testid="display-element"
>
  <div
    className="led green-led"
  >
    Unlocked
  </div>
  <div
    className="led green-led"
  >
    Open
  </div>
</div>
`;
